Analysis & Synthesis report for t2c_maze_explorer
Tue Nov 18 16:11:00 2025
Quartus Prime Version 20.1.1 Build 720 11/11/2020 SJ Lite Edition


---------------------
; Table of Contents ;
---------------------
  1. Legal Notice
  2. Analysis & Synthesis Summary
  3. Analysis & Synthesis Settings
  4. Parallel Compilation
  5. Analysis & Synthesis Source Files Read
  6. Analysis & Synthesis Resource Usage Summary
  7. Analysis & Synthesis Resource Utilization by Entity
  8. General Register Statistics
  9. Inverted Register Statistics
 10. Multiplexer Restructuring Statistics (Restructuring Performed)
 11. Parameter Settings for Inferred Entity Instance: lpm_divide:Mod0
 12. Post-Synthesis Netlist Statistics for Top Partition
 13. Elapsed Time Per Partition
 14. Analysis & Synthesis Messages
 15. Analysis & Synthesis Suppressed Messages



----------------
; Legal Notice ;
----------------
Copyright (C) 2020  Intel Corporation. All rights reserved.
Your use of Intel Corporation's design tools, logic functions 
and other software and tools, and any partner logic 
functions, and any output files from any of the foregoing 
(including device programming or simulation files), and any 
associated documentation or information are expressly subject 
to the terms and conditions of the Intel Program License 
Subscription Agreement, the Intel Quartus Prime License Agreement,
the Intel FPGA IP License Agreement, or other applicable license
agreement, including, without limitation, that your use is for
the sole purpose of programming logic devices manufactured by
Intel and sold by Intel or its authorized distributors.  Please
refer to the applicable agreement for further details, at
https://fpgasoftware.intel.com/eula.



+----------------------------------------------------------------------------------+
; Analysis & Synthesis Summary                                                     ;
+------------------------------------+---------------------------------------------+
; Analysis & Synthesis Status        ; Successful - Tue Nov 18 16:11:00 2025       ;
; Quartus Prime Version              ; 20.1.1 Build 720 11/11/2020 SJ Lite Edition ;
; Revision Name                      ; t2c_maze_explorer                           ;
; Top-level Entity Name              ; t2c_maze_explorer                           ;
; Family                             ; Cyclone IV E                                ;
; Total logic elements               ; 467                                         ;
;     Total combinational functions  ; 464                                         ;
;     Dedicated logic registers      ; 96                                          ;
; Total registers                    ; 96                                          ;
; Total pins                         ; 8                                           ;
; Total virtual pins                 ; 0                                           ;
; Total memory bits                  ; 0                                           ;
; Embedded Multiplier 9-bit elements ; 0                                           ;
; Total PLLs                         ; 0                                           ;
+------------------------------------+---------------------------------------------+


+------------------------------------------------------------------------------------------------------------+
; Analysis & Synthesis Settings                                                                              ;
+------------------------------------------------------------------+--------------------+--------------------+
; Option                                                           ; Setting            ; Default Value      ;
+------------------------------------------------------------------+--------------------+--------------------+
; Device                                                           ; EP4CE22F17C6       ;                    ;
; Top-level entity name                                            ; t2c_maze_explorer  ; t2c_maze_explorer  ;
; Family name                                                      ; Cyclone IV E       ; Cyclone V          ;
; Use smart compilation                                            ; Off                ; Off                ;
; Enable parallel Assembler and Timing Analyzer during compilation ; On                 ; On                 ;
; Enable compact report table                                      ; Off                ; Off                ;
; Restructure Multiplexers                                         ; Auto               ; Auto               ;
; Create Debugging Nodes for IP Cores                              ; Off                ; Off                ;
; Preserve fewer node names                                        ; On                 ; On                 ;
; Intel FPGA IP Evaluation Mode                                    ; Enable             ; Enable             ;
; Verilog Version                                                  ; Verilog_2001       ; Verilog_2001       ;
; VHDL Version                                                     ; VHDL_1993          ; VHDL_1993          ;
; State Machine Processing                                         ; Auto               ; Auto               ;
; Safe State Machine                                               ; Off                ; Off                ;
; Extract Verilog State Machines                                   ; On                 ; On                 ;
; Extract VHDL State Machines                                      ; On                 ; On                 ;
; Ignore Verilog initial constructs                                ; Off                ; Off                ;
; Iteration limit for constant Verilog loops                       ; 5000               ; 5000               ;
; Iteration limit for non-constant Verilog loops                   ; 250                ; 250                ;
; Add Pass-Through Logic to Inferred RAMs                          ; On                 ; On                 ;
; Infer RAMs from Raw Logic                                        ; On                 ; On                 ;
; Parallel Synthesis                                               ; On                 ; On                 ;
; DSP Block Balancing                                              ; Auto               ; Auto               ;
; NOT Gate Push-Back                                               ; On                 ; On                 ;
; Power-Up Don't Care                                              ; On                 ; On                 ;
; Remove Redundant Logic Cells                                     ; Off                ; Off                ;
; Remove Duplicate Registers                                       ; On                 ; On                 ;
; Ignore CARRY Buffers                                             ; Off                ; Off                ;
; Ignore CASCADE Buffers                                           ; Off                ; Off                ;
; Ignore GLOBAL Buffers                                            ; Off                ; Off                ;
; Ignore ROW GLOBAL Buffers                                        ; Off                ; Off                ;
; Ignore LCELL Buffers                                             ; Off                ; Off                ;
; Ignore SOFT Buffers                                              ; On                 ; On                 ;
; Limit AHDL Integers to 32 Bits                                   ; Off                ; Off                ;
; Optimization Technique                                           ; Balanced           ; Balanced           ;
; Carry Chain Length                                               ; 70                 ; 70                 ;
; Auto Carry Chains                                                ; On                 ; On                 ;
; Auto Open-Drain Pins                                             ; On                 ; On                 ;
; Perform WYSIWYG Primitive Resynthesis                            ; Off                ; Off                ;
; Auto ROM Replacement                                             ; On                 ; On                 ;
; Auto RAM Replacement                                             ; On                 ; On                 ;
; Auto DSP Block Replacement                                       ; On                 ; On                 ;
; Auto Shift Register Replacement                                  ; Auto               ; Auto               ;
; Allow Shift Register Merging across Hierarchies                  ; Auto               ; Auto               ;
; Auto Clock Enable Replacement                                    ; On                 ; On                 ;
; Strict RAM Replacement                                           ; Off                ; Off                ;
; Allow Synchronous Control Signals                                ; On                 ; On                 ;
; Force Use of Synchronous Clear Signals                           ; Off                ; Off                ;
; Auto RAM Block Balancing                                         ; On                 ; On                 ;
; Auto RAM to Logic Cell Conversion                                ; Off                ; Off                ;
; Auto Resource Sharing                                            ; Off                ; Off                ;
; Allow Any RAM Size For Recognition                               ; Off                ; Off                ;
; Allow Any ROM Size For Recognition                               ; Off                ; Off                ;
; Allow Any Shift Register Size For Recognition                    ; Off                ; Off                ;
; Use LogicLock Constraints during Resource Balancing              ; On                 ; On                 ;
; Ignore translate_off and synthesis_off directives                ; Off                ; Off                ;
; Timing-Driven Synthesis                                          ; On                 ; On                 ;
; Report Parameter Settings                                        ; On                 ; On                 ;
; Report Source Assignments                                        ; On                 ; On                 ;
; Report Connectivity Checks                                       ; On                 ; On                 ;
; Ignore Maximum Fan-Out Assignments                               ; Off                ; Off                ;
; Synchronization Register Chain Length                            ; 2                  ; 2                  ;
; Power Optimization During Synthesis                              ; Normal compilation ; Normal compilation ;
; HDL message level                                                ; Level2             ; Level2             ;
; Suppress Register Optimization Related Messages                  ; Off                ; Off                ;
; Number of Removed Registers Reported in Synthesis Report         ; 5000               ; 5000               ;
; Number of Swept Nodes Reported in Synthesis Report               ; 5000               ; 5000               ;
; Number of Inverted Registers Reported in Synthesis Report        ; 100                ; 100                ;
; Clock MUX Protection                                             ; On                 ; On                 ;
; Auto Gated Clock Conversion                                      ; Off                ; Off                ;
; Block Design Naming                                              ; Auto               ; Auto               ;
; SDC constraint protection                                        ; Off                ; Off                ;
; Synthesis Effort                                                 ; Auto               ; Auto               ;
; Shift Register Replacement - Allow Asynchronous Clear Signal     ; On                 ; On                 ;
; Pre-Mapping Resynthesis Optimization                             ; Off                ; Off                ;
; Analysis & Synthesis Message Level                               ; Medium             ; Medium             ;
; Disable Register Merging Across Hierarchies                      ; Auto               ; Auto               ;
; Resource Aware Inference For Block RAM                           ; On                 ; On                 ;
+------------------------------------------------------------------+--------------------+--------------------+


+------------------------------------------+
; Parallel Compilation                     ;
+----------------------------+-------------+
; Processors                 ; Number      ;
+----------------------------+-------------+
; Number detected on machine ; 16          ;
; Maximum allowed            ; 12          ;
;                            ;             ;
; Average used               ; 1.00        ;
; Maximum used               ; 12          ;
;                            ;             ;
; Usage by Processor         ; % Time Used ;
;     Processor 1            ; 100.0%      ;
;     Processors 2-12        ;   0.0%      ;
+----------------------------+-------------+


+-----------------------------------------------------------------------------------------------------------------------------------------------------------------------+
; Analysis & Synthesis Source Files Read                                                                                                                                ;
+----------------------------------+-----------------+------------------------------+-------------------------------------------------------------------------+---------+
; File Name with User-Entered Path ; Used in Netlist ; File Type                    ; File Name with Absolute Path                                            ; Library ;
+----------------------------------+-----------------+------------------------------+-------------------------------------------------------------------------+---------+
; code/t2c_maze_explorer.v         ; yes             ; User Verilog HDL File        ; D:/E-Yantra/mb_4683_task2c/t2c_maze_explorer/code/t2c_maze_explorer.v   ;         ;
; lpm_divide.tdf                   ; yes             ; Megafunction                 ; d:/intel/quartus/libraries/megafunctions/lpm_divide.tdf                 ;         ;
; abs_divider.inc                  ; yes             ; Megafunction                 ; d:/intel/quartus/libraries/megafunctions/abs_divider.inc                ;         ;
; sign_div_unsign.inc              ; yes             ; Megafunction                 ; d:/intel/quartus/libraries/megafunctions/sign_div_unsign.inc            ;         ;
; aglobal201.inc                   ; yes             ; Megafunction                 ; d:/intel/quartus/libraries/megafunctions/aglobal201.inc                 ;         ;
; db/lpm_divide_l9m.tdf            ; yes             ; Auto-Generated Megafunction  ; D:/E-Yantra/mb_4683_task2c/t2c_maze_explorer/db/lpm_divide_l9m.tdf      ;         ;
; db/sign_div_unsign_akh.tdf       ; yes             ; Auto-Generated Megafunction  ; D:/E-Yantra/mb_4683_task2c/t2c_maze_explorer/db/sign_div_unsign_akh.tdf ;         ;
; db/alt_u_div_84f.tdf             ; yes             ; Auto-Generated Megafunction  ; D:/E-Yantra/mb_4683_task2c/t2c_maze_explorer/db/alt_u_div_84f.tdf       ;         ;
; db/add_sub_7pc.tdf               ; yes             ; Auto-Generated Megafunction  ; D:/E-Yantra/mb_4683_task2c/t2c_maze_explorer/db/add_sub_7pc.tdf         ;         ;
; db/add_sub_8pc.tdf               ; yes             ; Auto-Generated Megafunction  ; D:/E-Yantra/mb_4683_task2c/t2c_maze_explorer/db/add_sub_8pc.tdf         ;         ;
+----------------------------------+-----------------+------------------------------+-------------------------------------------------------------------------+---------+


+---------------------------------------------------------+
; Analysis & Synthesis Resource Usage Summary             ;
+---------------------------------------------+-----------+
; Resource                                    ; Usage     ;
+---------------------------------------------+-----------+
; Estimated Total logic elements              ; 467       ;
;                                             ;           ;
; Total combinational functions               ; 464       ;
; Logic element usage by number of LUT inputs ;           ;
;     -- 4 input functions                    ; 320       ;
;     -- 3 input functions                    ; 80        ;
;     -- <=2 input functions                  ; 64        ;
;                                             ;           ;
; Logic elements by mode                      ;           ;
;     -- normal mode                          ; 421       ;
;     -- arithmetic mode                      ; 43        ;
;                                             ;           ;
; Total registers                             ; 96        ;
;     -- Dedicated logic registers            ; 96        ;
;     -- I/O registers                        ; 0         ;
;                                             ;           ;
; I/O pins                                    ; 8         ;
;                                             ;           ;
; Embedded Multiplier 9-bit elements          ; 0         ;
;                                             ;           ;
; Maximum fan-out node                        ; clk~input ;
; Maximum fan-out                             ; 96        ;
; Total fan-out                               ; 1942      ;
; Average fan-out                             ; 3.37      ;
+---------------------------------------------+-----------+


+-----------------------------------------------------------------------------------------------------------------------------------------------------------------------------------------------------------------------------------------------------------------------------------------------------------------------------+
; Analysis & Synthesis Resource Utilization by Entity                                                                                                                                                                                                                                                                         ;
+----------------------------------------+---------------------+---------------------------+-------------+--------------+---------+-----------+------+--------------+--------------------------------------------------------------------------------------------------------------------+---------------------+--------------+
; Compilation Hierarchy Node             ; Combinational ALUTs ; Dedicated Logic Registers ; Memory Bits ; DSP Elements ; DSP 9x9 ; DSP 18x18 ; Pins ; Virtual Pins ; Full Hierarchy Name                                                                                                ; Entity Name         ; Library Name ;
+----------------------------------------+---------------------+---------------------------+-------------+--------------+---------+-----------+------+--------------+--------------------------------------------------------------------------------------------------------------------+---------------------+--------------+
; |t2c_maze_explorer                     ; 464 (416)           ; 96 (96)                   ; 0           ; 0            ; 0       ; 0         ; 8    ; 0            ; |t2c_maze_explorer                                                                                                 ; t2c_maze_explorer   ; work         ;
;    |lpm_divide:Mod0|                   ; 48 (0)              ; 0 (0)                     ; 0           ; 0            ; 0       ; 0         ; 0    ; 0            ; |t2c_maze_explorer|lpm_divide:Mod0                                                                                 ; lpm_divide          ; work         ;
;       |lpm_divide_l9m:auto_generated|  ; 48 (0)              ; 0 (0)                     ; 0           ; 0            ; 0       ; 0         ; 0    ; 0            ; |t2c_maze_explorer|lpm_divide:Mod0|lpm_divide_l9m:auto_generated                                                   ; lpm_divide_l9m      ; work         ;
;          |sign_div_unsign_akh:divider| ; 48 (0)              ; 0 (0)                     ; 0           ; 0            ; 0       ; 0         ; 0    ; 0            ; |t2c_maze_explorer|lpm_divide:Mod0|lpm_divide_l9m:auto_generated|sign_div_unsign_akh:divider                       ; sign_div_unsign_akh ; work         ;
;             |alt_u_div_84f:divider|    ; 48 (48)             ; 0 (0)                     ; 0           ; 0            ; 0       ; 0         ; 0    ; 0            ; |t2c_maze_explorer|lpm_divide:Mod0|lpm_divide_l9m:auto_generated|sign_div_unsign_akh:divider|alt_u_div_84f:divider ; alt_u_div_84f       ; work         ;
+----------------------------------------+---------------------+---------------------------+-------------+--------------+---------+-----------+------+--------------+--------------------------------------------------------------------------------------------------------------------+---------------------+--------------+
Note: For table entries with two numbers listed, the numbers in parentheses indicate the number of resources of the given type used by the specific entity alone. The numbers listed outside of parentheses indicate the total resources of the given type used by the specific entity and all of its sub-entities in the hierarchy.


+------------------------------------------------------+
; General Register Statistics                          ;
+----------------------------------------------+-------+
; Statistic                                    ; Value ;
+----------------------------------------------+-------+
; Total registers                              ; 96    ;
; Number of registers using Synchronous Clear  ; 0     ;
; Number of registers using Synchronous Load   ; 0     ;
; Number of registers using Asynchronous Clear ; 96    ;
; Number of registers using Asynchronous Load  ; 0     ;
; Number of registers using Clock Enable       ; 7     ;
; Number of registers using Preset             ; 0     ;
+----------------------------------------------+-------+


+--------------------------------------------------+
; Inverted Register Statistics                     ;
+----------------------------------------+---------+
; Inverted Register                      ; Fan out ;
+----------------------------------------+---------+
; bot_pos[6]                             ; 19      ;
; bot_pos[3]                             ; 54      ;
; bot_pos[2]                             ; 14      ;
; Total number of inverted registers = 3 ;         ;
+----------------------------------------+---------+


+---------------------------------------------------------------------------------------------------------------------------------------------+
; Multiplexer Restructuring Statistics (Restructuring Performed)                                                                              ;
+--------------------+-----------+---------------+----------------------+------------------------+------------+-------------------------------+
; Multiplexer Inputs ; Bus Width ; Baseline Area ; Area if Restructured ; Saving if Restructured ; Registered ; Example Multiplexer Output    ;
+--------------------+-----------+---------------+----------------------+------------------------+------------+-------------------------------+
; 4:1                ; 4 bits    ; 8 LEs         ; 8 LEs                ; 0 LEs                  ; Yes        ; |t2c_maze_explorer|bot_pos[1] ;
; 4:1                ; 3 bits    ; 6 LEs         ; 6 LEs                ; 0 LEs                  ; Yes        ; |t2c_maze_explorer|bot_pos[6] ;
; 4:1                ; 7 bits    ; 14 LEs        ; 14 LEs               ; 0 LEs                  ; No         ; |t2c_maze_explorer|Mux12      ;
; 1:1                ; 2 bits    ; 0 LEs         ; 0 LEs                ; 0 LEs                  ; No         ; |t2c_maze_explorer|Add1       ;
+--------------------+-----------+---------------+----------------------+------------------------+------------+-------------------------------+


+------------------------------------------------------------------+
; Parameter Settings for Inferred Entity Instance: lpm_divide:Mod0 ;
+------------------------+----------------+------------------------+
; Parameter Name         ; Value          ; Type                   ;
+------------------------+----------------+------------------------+
; LPM_WIDTHN             ; 7              ; Untyped                ;
; LPM_WIDTHD             ; 4              ; Untyped                ;
; LPM_NREPRESENTATION    ; UNSIGNED       ; Untyped                ;
; LPM_DREPRESENTATION    ; UNSIGNED       ; Untyped                ;
; LPM_PIPELINE           ; 0              ; Untyped                ;
; LPM_REMAINDERPOSITIVE  ; TRUE           ; Untyped                ;
; MAXIMIZE_SPEED         ; 5              ; Untyped                ;
; CBXI_PARAMETER         ; lpm_divide_l9m ; Untyped                ;
; CARRY_CHAIN            ; MANUAL         ; Untyped                ;
; OPTIMIZE_FOR_SPEED     ; 5              ; Untyped                ;
; AUTO_CARRY_CHAINS      ; ON             ; AUTO_CARRY             ;
; IGNORE_CARRY_BUFFERS   ; OFF            ; IGNORE_CARRY           ;
; AUTO_CASCADE_CHAINS    ; ON             ; AUTO_CASCADE           ;
; IGNORE_CASCADE_BUFFERS ; OFF            ; IGNORE_CASCADE         ;
+------------------------+----------------+------------------------+
Note: In order to hide this table in the UI and the text report file, please set the "Show Parameter Settings in Synthesis Report" option in "Analysis and Synthesis Settings -> More Settings" to "Off".


+-----------------------------------------------------+
; Post-Synthesis Netlist Statistics for Top Partition ;
+-----------------------+-----------------------------+
; Type                  ; Count                       ;
+-----------------------+-----------------------------+
; boundary_port         ; 8                           ;
; cycloneiii_ff         ; 96                          ;
;     CLR               ; 89                          ;
;     ENA CLR           ; 7                           ;
; cycloneiii_lcell_comb ; 464                         ;
;     arith             ; 43                          ;
;         2 data inputs ; 31                          ;
;         3 data inputs ; 12                          ;
;     normal            ; 421                         ;
;         0 data inputs ; 4                           ;
;         1 data inputs ; 4                           ;
;         2 data inputs ; 25                          ;
;         3 data inputs ; 68                          ;
;         4 data inputs ; 320                         ;
;                       ;                             ;
; Max LUT depth         ; 22.20                       ;
; Average LUT depth     ; 13.56                       ;
+-----------------------+-----------------------------+


+-------------------------------+
; Elapsed Time Per Partition    ;
+----------------+--------------+
; Partition Name ; Elapsed Time ;
+----------------+--------------+
; Top            ; 00:00:01     ;
+----------------+--------------+


+-------------------------------+
; Analysis & Synthesis Messages ;
+-------------------------------+
Info: *******************************************************************
Info: Running Quartus Prime Analysis & Synthesis
    Info: Version 20.1.1 Build 720 11/11/2020 SJ Lite Edition
    Info: Processing started: Tue Nov 18 16:10:49 2025
Info: Command: quartus_map --read_settings_files=on --write_settings_files=off t2c_maze_explorer -c t2c_maze_explorer
Warning (18236): Number of processors has not been specified which may cause overloading on shared machines.  Set the global assignment NUM_PARALLEL_PROCESSORS in your QSF to an appropriate value for best performance.
Info (20030): Parallel compilation is enabled and will use 12 of the 12 processors detected
Info (12021): Found 1 design units, including 1 entities, in source file code/t2c_maze_explorer.v
    Info (12023): Found entity 1: t2c_maze_explorer File: D:/E-Yantra/mb_4683_task2c/t2c_maze_explorer/code/t2c_maze_explorer.v Line: 1
Info (12127): Elaborating entity "t2c_maze_explorer" for the top level hierarchy
Warning (10230): Verilog HDL assignment warning at t2c_maze_explorer.v(98): truncated value with size 32 to match size of target (2) File: D:/E-Yantra/mb_4683_task2c/t2c_maze_explorer/code/t2c_maze_explorer.v Line: 98
Warning (10230): Verilog HDL assignment warning at t2c_maze_explorer.v(99): truncated value with size 32 to match size of target (2) File: D:/E-Yantra/mb_4683_task2c/t2c_maze_explorer/code/t2c_maze_explorer.v Line: 99
Warning (10230): Verilog HDL assignment warning at t2c_maze_explorer.v(100): truncated value with size 32 to match size of target (2) File: D:/E-Yantra/mb_4683_task2c/t2c_maze_explorer/code/t2c_maze_explorer.v Line: 100
Warning (10230): Verilog HDL assignment warning at t2c_maze_explorer.v(103): truncated value with size 32 to match size of target (7) File: D:/E-Yantra/mb_4683_task2c/t2c_maze_explorer/code/t2c_maze_explorer.v Line: 103
Warning (10230): Verilog HDL assignment warning at t2c_maze_explorer.v(104): truncated value with size 32 to match size of target (7) File: D:/E-Yantra/mb_4683_task2c/t2c_maze_explorer/code/t2c_maze_explorer.v Line: 104
Warning (10230): Verilog HDL assignment warning at t2c_maze_explorer.v(105): truncated value with size 32 to match size of target (7) File: D:/E-Yantra/mb_4683_task2c/t2c_maze_explorer/code/t2c_maze_explorer.v Line: 105
Warning (10230): Verilog HDL assignment warning at t2c_maze_explorer.v(106): truncated value with size 32 to match size of target (7) File: D:/E-Yantra/mb_4683_task2c/t2c_maze_explorer/code/t2c_maze_explorer.v Line: 106
Warning (10230): Verilog HDL assignment warning at t2c_maze_explorer.v(56): truncated value with size 32 to match size of target (7) File: D:/E-Yantra/mb_4683_task2c/t2c_maze_explorer/code/t2c_maze_explorer.v Line: 56
Warning (10230): Verilog HDL assignment warning at t2c_maze_explorer.v(57): truncated value with size 32 to match size of target (7) File: D:/E-Yantra/mb_4683_task2c/t2c_maze_explorer/code/t2c_maze_explorer.v Line: 57
Warning (10230): Verilog HDL assignment warning at t2c_maze_explorer.v(58): truncated value with size 32 to match size of target (7) File: D:/E-Yantra/mb_4683_task2c/t2c_maze_explorer/code/t2c_maze_explorer.v Line: 58
Warning (10230): Verilog HDL assignment warning at t2c_maze_explorer.v(62): truncated value with size 32 to match size of target (7) File: D:/E-Yantra/mb_4683_task2c/t2c_maze_explorer/code/t2c_maze_explorer.v Line: 62
Warning (10230): Verilog HDL assignment warning at t2c_maze_explorer.v(63): truncated value with size 32 to match size of target (7) File: D:/E-Yantra/mb_4683_task2c/t2c_maze_explorer/code/t2c_maze_explorer.v Line: 63
Warning (10230): Verilog HDL assignment warning at t2c_maze_explorer.v(64): truncated value with size 32 to match size of target (7) File: D:/E-Yantra/mb_4683_task2c/t2c_maze_explorer/code/t2c_maze_explorer.v Line: 64
Warning (10230): Verilog HDL assignment warning at t2c_maze_explorer.v(68): truncated value with size 32 to match size of target (7) File: D:/E-Yantra/mb_4683_task2c/t2c_maze_explorer/code/t2c_maze_explorer.v Line: 68
Warning (10230): Verilog HDL assignment warning at t2c_maze_explorer.v(69): truncated value with size 32 to match size of target (7) File: D:/E-Yantra/mb_4683_task2c/t2c_maze_explorer/code/t2c_maze_explorer.v Line: 69
Warning (10230): Verilog HDL assignment warning at t2c_maze_explorer.v(70): truncated value with size 32 to match size of target (7) File: D:/E-Yantra/mb_4683_task2c/t2c_maze_explorer/code/t2c_maze_explorer.v Line: 70
Warning (10230): Verilog HDL assignment warning at t2c_maze_explorer.v(74): truncated value with size 32 to match size of target (7) File: D:/E-Yantra/mb_4683_task2c/t2c_maze_explorer/code/t2c_maze_explorer.v Line: 74
Warning (10230): Verilog HDL assignment warning at t2c_maze_explorer.v(75): truncated value with size 32 to match size of target (7) File: D:/E-Yantra/mb_4683_task2c/t2c_maze_explorer/code/t2c_maze_explorer.v Line: 75
Warning (10230): Verilog HDL assignment warning at t2c_maze_explorer.v(76): truncated value with size 32 to match size of target (7) File: D:/E-Yantra/mb_4683_task2c/t2c_maze_explorer/code/t2c_maze_explorer.v Line: 76
Info (278001): Inferred 1 megafunctions from design logic
    Info (278004): Inferred divider/modulo megafunction ("lpm_divide") from the following logic: "Mod0" File: D:/E-Yantra/mb_4683_task2c/t2c_maze_explorer/code/t2c_maze_explorer.v Line: 70
Info (12130): Elaborated megafunction instantiation "lpm_divide:Mod0" File: D:/E-Yantra/mb_4683_task2c/t2c_maze_explorer/code/t2c_maze_explorer.v Line: 70
Info (12133): Instantiated megafunction "lpm_divide:Mod0" with the following parameter: File: D:/E-Yantra/mb_4683_task2c/t2c_maze_explorer/code/t2c_maze_explorer.v Line: 70
    Info (12134): Parameter "LPM_WIDTHN" = "7"
    Info (12134): Parameter "LPM_WIDTHD" = "4"
    Info (12134): Parameter "LPM_NREPRESENTATION" = "UNSIGNED"
    Info (12134): Parameter "LPM_DREPRESENTATION" = "UNSIGNED"
Info (12021): Found 1 design units, including 1 entities, in source file db/lpm_divide_l9m.tdf
    Info (12023): Found entity 1: lpm_divide_l9m File: D:/E-Yantra/mb_4683_task2c/t2c_maze_explorer/db/lpm_divide_l9m.tdf Line: 25
Info (12021): Found 1 design units, including 1 entities, in source file db/sign_div_unsign_akh.tdf
    Info (12023): Found entity 1: sign_div_unsign_akh File: D:/E-Yantra/mb_4683_task2c/t2c_maze_explorer/db/sign_div_unsign_akh.tdf Line: 25
Info (12021): Found 1 design units, including 1 entities, in source file db/alt_u_div_84f.tdf
    Info (12023): Found entity 1: alt_u_div_84f File: D:/E-Yantra/mb_4683_task2c/t2c_maze_explorer/db/alt_u_div_84f.tdf Line: 27
Info (12021): Found 1 design units, including 1 entities, in source file db/add_sub_7pc.tdf
    Info (12023): Found entity 1: add_sub_7pc File: D:/E-Yantra/mb_4683_task2c/t2c_maze_explorer/db/add_sub_7pc.tdf Line: 23
Info (12021): Found 1 design units, including 1 entities, in source file db/add_sub_8pc.tdf
    Info (12023): Found entity 1: add_sub_8pc File: D:/E-Yantra/mb_4683_task2c/t2c_maze_explorer/db/add_sub_8pc.tdf Line: 23
Info (13000): Registers with preset signals will power-up high File: D:/E-Yantra/mb_4683_task2c/t2c_maze_explorer/code/t2c_maze_explorer.v Line: 97
Info (13003): DEV_CLRn pin will set, and not reset, register with preset signal due to NOT Gate Push-Back
Info (286030): Timing-Driven Synthesis is running
Info (144001): Generated suppressed messages file D:/E-Yantra/mb_4683_task2c/t2c_maze_explorer/output_files/t2c_maze_explorer.map.smsg
Info (16010): Generating hard_block partition "hard_block:auto_generated_inst"
    Info (16011): Adding 0 node(s), including 0 DDIO, 0 PLL, 0 transceiver and 0 LCELL
Info (21057): Implemented 476 device resources after synthesis - the final resource count might be different
    Info (21058): Implemented 5 input pins
    Info (21059): Implemented 3 output pins
    Info (21061): Implemented 468 logic cells
Info: Quartus Prime Analysis & Synthesis was successful. 0 errors, 20 warnings
    Info: Peak virtual memory: 4822 megabytes
    Info: Processing ended: Tue Nov 18 16:11:00 2025
    Info: Elapsed time: 00:00:11
    Info: Total CPU time (on all processors): 00:00:24


+------------------------------------------+
; Analysis & Synthesis Suppressed Messages ;
+------------------------------------------+
The suppressed messages can be found in D:/E-Yantra/mb_4683_task2c/t2c_maze_explorer/output_files/t2c_maze_explorer.map.smsg.


